
> vamp-pon@0.1.0 build /home/runner/work/vamp-pon/vamp-pon
> tsc && vite build

src/game/ui/hud.ts(259,98): error TS2345: Argument of type '13804636' is not assignable to parameter of type '7100231'.
src/game/ui/overlays.ts(247,99): error TS2345: Argument of type 'number' is not assignable to parameter of type '13804636'.
src/game/ui/overlays.ts(252,58): error TS2345: Argument of type 'number' is not assignable to parameter of type '15259832'.
src/game/ui/overlays.ts(296,99): error TS2345: Argument of type '13804636 | 14256027' is not assignable to parameter of type '13804636 | undefined'.
  Type '14256027' is not assignable to type '13804636'.
src/game/ui/overlays.ts(303,92): error TS2345: Argument of type 'number' is not assignable to parameter of type 'string'.
src/game/ui/overlays.ts(306,94): error TS2345: Argument of type 'number' is not assignable to parameter of type 'string'.
src/game/ui/overlays.ts(339,66): error TS2345: Argument of type 'number' is not assignable to parameter of type '15259832'.
src/game/ui/storybookChoiceCard.ts(33,64): error TS2345: Argument of type 'number' is not assignable to parameter of type '15259832'.
src/game/ui/storybookUi.ts(103,21): error TS2551: Property 'Point' does not exist on type 'typeof Geom'. Did you mean 'POINT'?
src/game/ui/storybookUi.ts(104,21): error TS2551: Property 'Point' does not exist on type 'typeof Geom'. Did you mean 'POINT'?
src/game/ui/storybookUi.ts(105,21): error TS2551: Property 'Point' does not exist on type 'typeof Geom'. Did you mean 'POINT'?
src/game/ui/storybookUi.ts(106,21): error TS2551: Property 'Point' does not exist on type 'typeof Geom'. Did you mean 'POINT'?
src/game/ui/storybookUi.ts(107,21): error TS2551: Property 'Point' does not exist on type 'typeof Geom'. Did you mean 'POINT'?
src/game/ui/storybookUi.ts(108,21): error TS2551: Property 'Point' does not exist on type 'typeof Geom'. Did you mean 'POINT'?
src/game/ui/storybookUi.ts(109,21): error TS2551: Property 'Point' does not exist on type 'typeof Geom'. Did you mean 'POINT'?
src/game/ui/storybookUi.ts(110,21): error TS2551: Property 'Point' does not exist on type 'typeof Geom'. Did you mean 'POINT'?
src/game/ui/storybookUi.ts(120,78): error TS2345: Argument of type '7100231 | 11838604' is not assignable to parameter of type '7100231 | undefined'.
  Type '11838604' is not assignable to type '7100231'.
src/game/ui/storybookUi.ts(137,51): error TS2345: Argument of type '13804636' is not assignable to parameter of type '7100231'.
 ELIFECYCLE  Command failed with exit code 2.
